\BOOKMARK [-1][-]{part.1}{I\040Incompressible\040Fluid\040Mechanics}{}% 1
\BOOKMARK [0][-]{chapter.1}{Statics}{part.1}% 2
\BOOKMARK [1][-]{section.1.1}{Definizione\040di\040fluido}{chapter.1}% 3
\BOOKMARK [1][-]{section.1.2}{Equazione\040di\040equilibrio:\040forma\040integrale\040e\040differenziale}{chapter.1}% 4
\BOOKMARK [1][-]{section.1.3}{Legge\040di\040Stevino}{chapter.1}% 5
\BOOKMARK [1][-]{section.1.4}{Galleggiamento\040di\040un\040corpo\040immerso\040in\040un\040fluido}{chapter.1}% 6
\BOOKMARK [1][-]{section.1.5}{Risultante\040delle\040forze:\040legge\040di\040Archimede}{chapter.1}% 7
\BOOKMARK [1][-]{section.1.6}{Punto\040di\040applicazione}{chapter.1}% 8
\BOOKMARK [1][-]{section.1.7}{Stabilità statica dell’equilibrio}{chapter.1}% 9
\BOOKMARK [1][-]{section.1.8}{Exercises}{chapter.1}% 10
\BOOKMARK [2][-]{subsection.1.8.1}{Exercise\0401.1\040}{section.1.8}% 11
\BOOKMARK [2][-]{subsection.1.8.2}{Exercise\0401.2\040}{section.1.8}% 12
\BOOKMARK [2][-]{subsection.1.8.3}{Exercise\0401.3}{section.1.8}% 13
\BOOKMARK [2][-]{subsection.1.8.4}{Exercise\0401.4}{section.1.8}% 14
\BOOKMARK [2][-]{subsection.1.8.5}{Exercise\0401.5}{section.1.8}% 15
\BOOKMARK [2][-]{subsection.1.8.6}{Exercise\0401.6}{section.1.8}% 16
\BOOKMARK [3][-]{subsubsection*.6}{Osservazione.}{subsection.1.8.6}% 17
\BOOKMARK [0][-]{chapter.2}{Surface\040Tension}{part.1}% 18
\BOOKMARK [1][-]{section.2.1}{Young-Laplace\040Law}{chapter.2}% 19
\BOOKMARK [1][-]{section.2.2}{Young-Laplace\040Law\040in\040Two\040Dimensions}{chapter.2}% 20
\BOOKMARK [2][-]{subsection.2.2.1}{Extension\040to\040the\0403D\040Case}{section.2.2}% 21
\BOOKMARK [1][-]{section.2.3}{Exercises}{chapter.2}% 22
\BOOKMARK [2][-]{subsection.2.3.1}{Exercise\0402.1}{section.2.3}% 23
\BOOKMARK [2][-]{subsection.2.3.2}{Exercise\0402.2}{section.2.3}% 24
\BOOKMARK [2][-]{subsection.2.3.3}{Exercise\0402.3}{section.2.3}% 25
\BOOKMARK [0][-]{chapter.3}{Kinematics}{part.1}% 26
\BOOKMARK [1][-]{section.3.1}{Descrizione\040integrale\040lagrangiana\040ed\040euleriana}{chapter.3}% 27
\BOOKMARK [1][-]{section.3.2}{Descrizione\040puntuale\040lagrangiana\040ed\040euleriana}{chapter.3}% 28
\BOOKMARK [1][-]{section.3.3}{Velocità di traslazione, rotazione e deformazione}{chapter.3}% 29
\BOOKMARK [2][-]{subsection.3.3.1}{Tensore gradiente di velocità}{section.3.3}% 30
\BOOKMARK [2][-]{subsection.3.3.2}{Derivate\040temporali\040di\040oggetti\040materiali}{section.3.3}% 31
\BOOKMARK [3][-]{subsubsection*.7}{Vettore\040materiale.}{subsection.3.3.2}% 32
\BOOKMARK [3][-]{subsubsection*.8}{Vettore\040materiale:\040modulo.}{subsection.3.3.2}% 33
\BOOKMARK [3][-]{subsubsection*.10}{Vettore\040materiale:\040direzione.}{subsection.3.3.2}% 34
\BOOKMARK [3][-]{subsubsection*.11}{Angolo\040tra\040vettori\040materiali.}{subsection.3.3.2}% 35
\BOOKMARK [3][-]{subsubsection*.12}{Volume\040generato\040da\040vettori\040materiali.}{subsection.3.3.2}% 36
\BOOKMARK [1][-]{section.3.4}{Curve\040caratteristiche}{chapter.3}% 37
\BOOKMARK [2][-]{subsection.3.4.1}{Osservazione\0401.}{section.3.4}% 38
\BOOKMARK [1][-]{section.3.5}{Exercises}{chapter.3}% 39
\BOOKMARK [2][-]{subsection.3.5.1}{Exercise\0403.1}{section.3.5}% 40
\BOOKMARK [2][-]{subsection.3.5.2}{Exercise\0403.2}{section.3.5}% 41
\BOOKMARK [3][-]{subsubsection*.13}{Osservazione.}{subsection.3.5.2}% 42
\BOOKMARK [2][-]{subsection.3.5.3}{Exercise\0403.3}{section.3.5}% 43
\BOOKMARK [2][-]{subsection.3.5.4}{Exercise\0403.4}{section.3.5}% 44
\BOOKMARK [0][-]{chapter.4}{Balance\040equations}{part.1}% 45
\BOOKMARK [1][-]{section.4.1}{Bilanci\040in\040forma\040integrale}{chapter.4}% 46
\BOOKMARK [1][-]{section.4.2}{Bilancio\040di\040massa}{chapter.4}% 47
\BOOKMARK [1][-]{section.4.3}{Bilancio della quantità di moto}{chapter.4}% 48
\BOOKMARK [1][-]{section.4.4}{Bilancio del momento quantità di moto}{chapter.4}% 49
\BOOKMARK [1][-]{section.4.5}{Bilancio dell’energia totale}{chapter.4}% 50
\BOOKMARK [1][-]{section.4.6}{Bilanci\040integrali\040per\040volumi\040in\040moto\040arbitrario}{chapter.4}% 51
\BOOKMARK [1][-]{section.4.7}{Bilanci\040integrali\040per\040volumi\040di\040controllo\040fissi}{chapter.4}% 52
\BOOKMARK [1][-]{section.4.8}{Bilanci\040in\040forma\040differenziale}{chapter.4}% 53
\BOOKMARK [1][-]{section.4.9}{Bilancio\040di\040massa}{chapter.4}% 54
\BOOKMARK [1][-]{section.4.10}{Bilancio di quantità di moto}{chapter.4}% 55
\BOOKMARK [1][-]{section.4.11}{Bilancio del momento della quantità di moto}{chapter.4}% 56
\BOOKMARK [1][-]{section.4.12}{Bilancio dell’energia totale}{chapter.4}% 57
\BOOKMARK [1][-]{section.4.13}{Chiusura\040del\040problema}{chapter.4}% 58
\BOOKMARK [1][-]{section.4.14}{Altre\040equazioni\040di\040bilancio}{chapter.4}% 59
\BOOKMARK [2][-]{subsection.4.14.1}{Equazione dell’energia cinetica}{section.4.14}% 60
\BOOKMARK [2][-]{subsection.4.14.2}{Equazione dell’energia interna}{section.4.14}% 61
\BOOKMARK [2][-]{subsection.4.14.3}{Equazione della vorticità}{section.4.14}% 62
\BOOKMARK [2][-]{subsection.4.14.4}{Equazione dell’entropia}{section.4.14}% 63
\BOOKMARK [1][-]{section.4.15}{Relazioni\040di\040salto}{chapter.4}% 64
\BOOKMARK [1][-]{section.4.16}{Approfondimenti\040su\040alcuni\040bilanci}{chapter.4}% 65
\BOOKMARK [2][-]{subsection.4.16.1}{Continuità}{section.4.16}% 66
\BOOKMARK [2][-]{subsection.4.16.2}{Quantità di moto}{section.4.16}% 67
\BOOKMARK [3][-]{subsubsection*.18}{Richiami\040di\040geometria\040delle\040curve\040nello\040spazio.}{subsection.4.16.2}% 68
\BOOKMARK [3][-]{subsubsection*.19}{Ritorno al bilancio della quantità di moto.}{subsection.4.16.2}% 69
\BOOKMARK [2][-]{subsection.4.16.3}{Vorticità}{section.4.16}% 70
\BOOKMARK [1][-]{section.4.17}{Introduction\040to\040exercises}{chapter.4}% 71
\BOOKMARK [2][-]{subsection.4.17.1}{Bilancio della quantità di moto e risultante delle forze.}{section.4.17}% 72
\BOOKMARK [2][-]{subsection.4.17.2}{Bilancio del momento della quantità di moto e risultante dei momenti.}{section.4.17}% 73
\BOOKMARK [2][-]{subsection.4.17.3}{Bilancio dell’energia totale.}{section.4.17}% 74
\BOOKMARK [2][-]{subsection.4.17.4}{Sistemi\040aperti}{section.4.17}% 75
\BOOKMARK [2][-]{subsection.4.17.5}{Sistemi\040chiusi}{section.4.17}% 76
\BOOKMARK [1][-]{section.4.18}{Galilean\040relativity}{chapter.4}% 77
\BOOKMARK [2][-]{subsection.4.18.1}{Differential\040equations}{section.4.18}% 78
\BOOKMARK [2][-]{subsection.4.18.2}{Integral\040equations}{section.4.18}% 79
\BOOKMARK [1][-]{section.4.19}{Fluid\040dynamics\040in\040a\040non-inertial\040reference\040frame}{chapter.4}% 80
\BOOKMARK [2][-]{subsection.4.19.1}{Differential\040equations}{section.4.19}% 81
\BOOKMARK [3][-]{subsubsection*.22}{Mass}{subsection.4.19.1}% 82
\BOOKMARK [3][-]{subsubsection*.23}{Momentum}{subsection.4.19.1}% 83
\BOOKMARK [3][-]{subsubsection*.24}{Kinetic\040energy}{subsection.4.19.1}% 84
\BOOKMARK [3][-]{subsubsection*.25}{Total\040energy}{subsection.4.19.1}% 85
\BOOKMARK [2][-]{subsection.4.19.2}{Homogeneity\040and\040isotropy}{section.4.19}% 86
\BOOKMARK [2][-]{subsection.4.19.3}{Galilean\040relativity}{section.4.19}% 87
\BOOKMARK [2][-]{subsection.4.19.4}{Integral\040equations}{section.4.19}% 88
\BOOKMARK [3][-]{subsubsection*.26}{Galilean\040relativity}{subsection.4.19.4}% 89
\BOOKMARK [1][-]{section.4.20}{Exercises}{chapter.4}% 90
\BOOKMARK [2][-]{subsection.4.20.1}{Exercise\0404.1}{section.4.20}% 91
\BOOKMARK [2][-]{subsection.4.20.2}{Exercise\0404.2}{section.4.20}% 92
\BOOKMARK [2][-]{subsection.4.20.3}{Exercise\0404.3}{section.4.20}% 93
\BOOKMARK [2][-]{subsection.4.20.4}{Exercise\0404.4}{section.4.20}% 94
\BOOKMARK [2][-]{subsection.4.20.5}{Exercise\0404.5}{section.4.20}% 95
\BOOKMARK [2][-]{subsection.4.20.6}{Exercise\0404.6}{section.4.20}% 96
\BOOKMARK [2][-]{subsection.4.20.7}{Exercise\0404.7}{section.4.20}% 97
\BOOKMARK [2][-]{subsection.4.20.8}{Exercise\0404.8}{section.4.20}% 98
\BOOKMARK [2][-]{subsection.4.20.9}{Exercise\0404.9}{section.4.20}% 99
\BOOKMARK [2][-]{subsection.4.20.10}{Exercise\0404.9\040-\040Experiment:\040wake\040defect}{section.4.20}% 100
\BOOKMARK [3][-]{subsubsection*.28}{Risultante delle forze: bilancio di quantità di moto di un volume di controllo .}{subsection.4.20.10}% 101
\BOOKMARK [3][-]{subsubsection*.29}{Risultante\040delle\040forze:\040discretizzazione.}{subsection.4.20.10}% 102
\BOOKMARK [3][-]{subsubsection*.30}{Sensitività della risultante al campo di velocità.}{subsection.4.20.10}% 103
\BOOKMARK [3][-]{subsubsection*.31}{Sensitività della risultante alle misure di velocità.}{subsection.4.20.10}% 104
\BOOKMARK [3][-]{subsubsection*.33}{Sensitività della risultante alle misure di velocità: discretizzazione.}{subsection.4.20.10}% 105
\BOOKMARK [3][-]{subsubsection*.34}{Osservazione\0401.}{subsection.4.20.10}% 106
\BOOKMARK [3][-]{subsubsection*.35}{Osservazione\0402.}{subsection.4.20.10}% 107
\BOOKMARK [3][-]{subsubsection*.36}{Incertezza sulla risultante dall’incertezza sulla misura di velocità.}{subsection.4.20.10}% 108
\BOOKMARK [3][-]{subsubsection*.37}{Cenni\040sugli\040elementi\040finiti.\040\173#sec:fem\175}{subsection.4.20.10}% 109
\BOOKMARK [2][-]{subsection.4.20.11}{Exercise\0404.10}{section.4.20}% 110
\BOOKMARK [2][-]{subsection.4.20.12}{Exercise\0404.11}{section.4.20}% 111
\BOOKMARK [2][-]{subsection.4.20.13}{Exercise\0404.12}{section.4.20}% 112
\BOOKMARK [2][-]{subsection.4.20.14}{Exercise\0404.13}{section.4.20}% 113
\BOOKMARK [3][-]{subsubsection*.39}{Formula\040della\040spinta.}{subsection.4.20.14}% 114
\BOOKMARK [3][-]{subsubsection*.40}{Analisi\040del\040motore.}{subsection.4.20.14}% 115
\BOOKMARK [2][-]{subsection.4.20.15}{Weighting\040a\040hidden\040bird}{section.4.20}% 116
\BOOKMARK [0][-]{chapter.5}{Bernoulli\040theorems\040and\040vorticity\040dynamics}{part.1}% 117
\BOOKMARK [1][-]{section.5.1}{Prima\040forma\040del\040teorema\040di\040Bernoulli}{chapter.5}% 118
\BOOKMARK [1][-]{section.5.2}{Seconda\040forma\040del\040teorema\040di\040Bernoulli}{chapter.5}% 119
\BOOKMARK [1][-]{section.5.3}{Terza\040forma\040del\040teorema\040di\040Bernoulli}{chapter.5}% 120
\BOOKMARK [1][-]{section.5.4}{Teoremi\040di\040Bernoulli\040per\040fluidi\040viscosi\040incomprimibili}{chapter.5}% 121
\BOOKMARK [1][-]{section.5.5}{Exercises}{chapter.5}% 122
\BOOKMARK [2][-]{subsection.5.5.1}{Exercise\0405.1}{section.5.5}% 123
\BOOKMARK [2][-]{subsection.5.5.2}{Exercise\0405.2}{section.5.5}% 124
\BOOKMARK [2][-]{subsection.5.5.3}{Exercise\0405.3}{section.5.5}% 125
\BOOKMARK [3][-]{subsubsection*.42}{Parte\0401.}{subsection.5.5.3}% 126
\BOOKMARK [3][-]{subsubsection*.43}{Parte\0402.}{subsection.5.5.3}% 127
\BOOKMARK [3][-]{subsubsection*.44}{Cosa non è stato detto.}{subsection.5.5.3}% 128
\BOOKMARK [2][-]{subsection.5.5.4}{Exercise\0405.4}{section.5.5}% 129
\BOOKMARK [2][-]{subsection.5.5.5}{Exercise\0405.5}{section.5.5}% 130
\BOOKMARK [2][-]{subsection.5.5.6}{Exercise\0405.6}{section.5.5}% 131
\BOOKMARK [2][-]{subsection.5.5.7}{Exercise\0405.7}{section.5.5}% 132
\BOOKMARK [0][-]{chapter.6}{Exact\040solutions\040of\040Navier-Stokes\040equations}{part.1}% 133
\BOOKMARK [1][-]{section.6.1}{Introduzione\040e\040linee\040guida\040per\040la\040soluzione\040dei\040problemi}{chapter.6}% 134
\BOOKMARK [1][-]{section.6.2}{Equazioni\040di\040Navier-Stokes\040in\040coordinate\040cartesiane\040e\040cilindriche}{chapter.6}% 135
\BOOKMARK [1][-]{section.6.3}{Esempio\040in\040coordinate\040cartesiane:\040corrente\040di\040Poseuille}{chapter.6}% 136
\BOOKMARK [1][-]{section.6.4}{Calcolo\040del\040vettore\040sforzo}{chapter.6}% 137
\BOOKMARK [2][-]{subsection.6.4.1}{Equivalenza tra l’espressione tensoriale e vettoriale del vettore sforzo.}{section.6.4}% 138
\BOOKMARK [2][-]{subsection.6.4.2}{Osservazione:\040vettore\040sforzo\040in\040coordinate\040cilindriche.}{section.6.4}% 139
\BOOKMARK [1][-]{section.6.5}{Exercises}{chapter.6}% 140
\BOOKMARK [2][-]{subsection.6.5.1}{Exercise\0406.1}{section.6.5}% 141
\BOOKMARK [2][-]{subsection.6.5.2}{Exercise\0406.2}{section.6.5}% 142
\BOOKMARK [2][-]{subsection.6.5.3}{Exercise\0406.3}{section.6.5}% 143
\BOOKMARK [2][-]{subsection.6.5.4}{Exercise\0406.4}{section.6.5}% 144
\BOOKMARK [2][-]{subsection.6.5.5}{Exercise\0406.5}{section.6.5}% 145
\BOOKMARK [2][-]{subsection.6.5.6}{Exercise\0406.6}{section.6.5}% 146
\BOOKMARK [2][-]{subsection.6.5.7}{Exercise\0406.7}{section.6.5}% 147
\BOOKMARK [2][-]{subsection.6.5.8}{Exercise\0406.8}{section.6.5}% 148
\BOOKMARK [0][-]{chapter.7}{Similitude}{part.1}% 149
\BOOKMARK [1][-]{section.7.1}{Teorema\040di\040Buckingham}{chapter.7}% 150
\BOOKMARK [1][-]{section.7.2}{Equazioni di Navier–Stokes incomprimibili in forma adimensionale}{chapter.7}% 151
\BOOKMARK [1][-]{section.7.3}{Adimensionalizzazione «ad alti numeri di Reynolds»}{chapter.7}% 152
\BOOKMARK [1][-]{section.7.4}{Adimensionalizzazione «a bassi numeri di Reynolds»}{chapter.7}% 153
\BOOKMARK [1][-]{section.7.5}{Equazione di continuità e numero di Mach}{chapter.7}% 154
\BOOKMARK [1][-]{section.7.6}{Equazioni di Navier–Stokes in sistemi di riferimento non inerziali}{chapter.7}% 155
\BOOKMARK [1][-]{section.7.7}{Equazioni\040di\040Boussinesq\040e\040numeri\040di\040Prandtl,\040Rayleigh\040e\040Grashof}{chapter.7}% 156
\BOOKMARK [1][-]{section.7.8}{Equazioni\040di\040Boussinesq}{chapter.7}% 157
\BOOKMARK [1][-]{section.7.9}{Equazioni\040di\040Boussinesq:\040problema\040bidimensionale\040tra\040due\040superfici\040piane}{chapter.7}% 158
\BOOKMARK [2][-]{subsection.7.9.1}{Condizioni\040al\040contorno}{section.7.9}% 159
\BOOKMARK [2][-]{subsection.7.9.2}{Soluzione\040stazionaria\040non\040convettiva}{section.7.9}% 160
\BOOKMARK [2][-]{subsection.7.9.3}{Equazione\040delle\040fluttuazioni}{section.7.9}% 161
\BOOKMARK [1][-]{section.7.10}{Equazioni\040di\040Boussinesq\040in\040forma\040adimensionale}{chapter.7}% 162
\BOOKMARK [1][-]{section.7.11}{Equazione della vorticità e funzione di corrente nell’approssimazione di Boussinesq}{chapter.7}% 163
\BOOKMARK [1][-]{section.7.12}{Approssimazione di Fourier–Galerkin del problema di Boussinesq}{chapter.7}% 164
\BOOKMARK [1][-]{section.7.13}{Dal\040problema\040di\040Boussinesq\040al\040modello\040di\040Lorenz}{chapter.7}% 165
\BOOKMARK [1][-]{section.7.14}{Exercises}{chapter.7}% 166
\BOOKMARK [2][-]{subsection.7.14.1}{Exercise\0407.1}{section.7.14}% 167
\BOOKMARK [2][-]{subsection.7.14.2}{Exercise\0407.2}{section.7.14}% 168
\BOOKMARK [2][-]{subsection.7.14.3}{Exercise\0407.3}{section.7.14}% 169
\BOOKMARK [2][-]{subsection.7.14.4}{Exercise\0407.4}{section.7.14}% 170
\BOOKMARK [2][-]{subsection.7.14.5}{Exercise\0407.5}{section.7.14}% 171
\BOOKMARK [3][-]{subsubsection*.46}{Diagramma\040di\040Moody.}{subsection.7.14.5}% 172
\BOOKMARK [2][-]{subsection.7.14.6}{Exercise\0407.6}{section.7.14}% 173
\BOOKMARK [0][-]{chapter.8}{Incompressible\040Aerodynamics}{part.1}% 174
\BOOKMARK [1][-]{section.8.1}{Theorems\040about\040vorticity}{chapter.8}% 175
\BOOKMARK [2][-]{subsection.8.1.1}{Kelvin’s theorem}{section.8.1}% 176
\BOOKMARK [2][-]{subsection.8.1.2}{Helmholtz’s theorems}{section.8.1}% 177
\BOOKMARK [1][-]{section.8.2}{Singularities\040in\040Poisson\040equation}{chapter.8}% 178
\BOOKMARK [2][-]{subsection.8.2.1}{3-dimensional\040Poisson\040equation}{section.8.2}% 179
\BOOKMARK [1][-]{section.8.3}{Steady\040Aerodynamics}{chapter.8}% 180
\BOOKMARK [2][-]{subsection.8.3.1}{Mathematical\040model}{section.8.3}% 181
\BOOKMARK [2][-]{subsection.8.3.2}{Green’s function method}{section.8.3}% 182
\BOOKMARK [2][-]{subsection.8.3.3}{Wake\040and\040the\040shape\040of\040the\040domain}{section.8.3}% 183
\BOOKMARK [2][-]{subsection.8.3.4}{Theorems}{section.8.3}% 184
\BOOKMARK [3][-]{subsubsection*.51}{Kutta-Joukowski\040theorem}{subsection.8.3.4}% 185
\BOOKMARK [3][-]{subsubsection*.52}{D’Alembert paradox - 2 dimensional flow}{subsection.8.3.4}% 186
\BOOKMARK [2][-]{subsection.8.3.5}{Steady\040Aerodynamics\040-\0402-dimensional\040flows}{section.8.3}% 187
\BOOKMARK [3][-]{subsubsection*.53}{Mathematical\040model}{subsection.8.3.5}% 188
\BOOKMARK [3][-]{subsubsection*.54}{Green’s function method}{subsection.8.3.5}% 189
\BOOKMARK [4][-]{paragraph*.55}{2-dimensional\040problems}{subsubsection*.54}% 190
\BOOKMARK [4][-]{paragraph*.56}{3-dimensional\040problems}{subsubsection*.54}% 191
\BOOKMARK [3][-]{subsubsection*.57}{Wake\040and\040the\040shape\040of\040the\040domain}{subsection.8.3.5}% 192
\BOOKMARK [3][-]{subsubsection*.58}{Theorems}{subsection.8.3.5}% 193
\BOOKMARK [4][-]{paragraph*.59}{Kutta-Joukowski\040theorem}{subsubsection*.58}% 194
\BOOKMARK [4][-]{paragraph*.60}{D’Alembert paradox - 2 dimensional flow}{subsubsection*.58}% 195
\BOOKMARK [2][-]{subsection.8.3.6}{Steady\040Aerodynamics\040-\0403-dimensional\040flows}{section.8.3}% 196
\BOOKMARK [3][-]{subsubsection*.61}{Mathematical\040model}{subsection.8.3.6}% 197
\BOOKMARK [3][-]{subsubsection*.62}{Green’s function method, for solving Poisson equations}{subsection.8.3.6}% 198
\BOOKMARK [3][-]{subsubsection*.64}{Wake\040and\040the\040shape\040of\040the\040domain}{subsection.8.3.6}% 199
\BOOKMARK [3][-]{subsubsection*.65}{Aerodynamic\040forces}{subsection.8.3.6}% 200
\BOOKMARK [2][-]{subsection.8.3.7}{Weissinger\040method}{section.8.3}% 201
\BOOKMARK [3][-]{subsubsection*.66}{Project\040and\040\(possible\)\040future\040development}{subsection.8.3.7}% 202
\BOOKMARK [3][-]{subsubsection*.67}{Summary}{subsection.8.3.7}% 203
\BOOKMARK [3][-]{subsubsection*.68}{Libraries}{subsection.8.3.7}% 204
\BOOKMARK [3][-]{subsubsection*.69}{Functions}{subsection.8.3.7}% 205
\BOOKMARK [4][-]{paragraph*.70}{Geometry:\040wing\040and\040prescribed\040wake}{subsubsection*.69}% 206
\BOOKMARK [4][-]{paragraph*.71}{Aerodynamic\040Influence\040Coefficients\040\(AIC\)\040and\040Linear\040System}{subsubsection*.69}% 207
\BOOKMARK [3][-]{subsubsection*.72}{Simulation}{subsection.8.3.7}% 208
\BOOKMARK [4][-]{paragraph*.73}{Build\040geometry}{subsubsection*.72}% 209
\BOOKMARK [4][-]{paragraph*.74}{Linear\040system}{subsubsection*.72}% 210
\BOOKMARK [3][-]{subsubsection*.75}{Post-processing\040and\040results}{subsection.8.3.7}% 211
\BOOKMARK [4][-]{paragraph*.76}{Loads}{subsubsection*.75}% 212
\BOOKMARK [4][-]{paragraph*.77}{Velocity\040and\040pressure\040at\040ground}{subsubsection*.75}% 213
\BOOKMARK [4][-]{paragraph*.78}{Local\040pressure\040at\040ground\040along\040a\040line}{subsubsection*.75}% 214
\BOOKMARK [4][-]{paragraph*.79}{Trefftz-like\040plane}{subsubsection*.75}% 215
\BOOKMARK [1][-]{section.8.4}{Exercises}{chapter.8}% 216
\BOOKMARK [0][-]{chapter.9}{Boundary\040layer}{part.1}% 217
\BOOKMARK [1][-]{section.9.1}{Equazioni\040di\040Prandtl\040dello\040strato\040limite}{chapter.9}% 218
\BOOKMARK [1][-]{section.9.2}{Integral\040thicknesses}{chapter.9}% 219
\BOOKMARK [1][-]{section.9.3}{Von\040Karman\040integral\040equation}{chapter.9}% 220
\BOOKMARK [2][-]{subsection.9.3.1}{Integration\040of\040Von\040Karman\040integral\040equation}{section.9.3}% 221
\BOOKMARK [2][-]{subsection.9.3.2}{Thwaites\040method}{section.9.3}% 222
\BOOKMARK [1][-]{section.9.4}{Self-similar\040laminar\040boundary\040layer\040flows}{chapter.9}% 223
\BOOKMARK [2][-]{subsection.9.4.1}{Boundary\040layer\040on\040flat\040plate:\040Blasius\040solution}{section.9.4}% 224
\BOOKMARK [1][-]{section.9.5}{Exercises}{chapter.9}% 225
\BOOKMARK [0][-]{chapter.10}{Instability\040and\040turbulence}{part.1}% 226
\BOOKMARK [1][-]{section.10.1}{RANS\040and\040energy\040equations}{chapter.10}% 227
\BOOKMARK [2][-]{subsection.10.1.1}{RANS}{section.10.1}% 228
\BOOKMARK [2][-]{subsection.10.1.2}{Energy\040equations}{section.10.1}% 229
\BOOKMARK [2][-]{subsection.10.1.3}{Dimensional\040analysis\040and\040the\040assumption\040of\040turbulence\040in\040equilibrium}{section.10.1}% 230
\BOOKMARK [1][-]{section.10.2}{Scales\040of\040turbulence}{chapter.10}% 231
\BOOKMARK [1][-]{section.10.3}{Boundary\040layer\040flows}{chapter.10}% 232
\BOOKMARK [2][-]{subsection.10.3.1}{Prandtl\040equations}{section.10.3}% 233
\BOOKMARK [2][-]{subsection.10.3.2}{Self-similar\040boundary\040layer\040flows}{section.10.3}% 234
\BOOKMARK [3][-]{subsubsection*.85}{Planar\040jet}{subsection.10.3.2}% 235
\BOOKMARK [1][-]{section.10.4}{Exercises}{chapter.10}% 236
\BOOKMARK [-1][-]{part.2}{II\040Compressible\040Fluid\040Mechanics}{}% 237
\BOOKMARK [0][-]{chapter.11}{Introduction\040to\040Compressible\040Fluid\040Mechanics}{part.2}% 238
\BOOKMARK [0][-]{chapter.12}{Bernoulli’s theorem in compressible fluid mechanics}{part.2}% 239
\BOOKMARK [0][-]{chapter.13}{Vorticity\040equation}{part.2}% 240
\BOOKMARK [1][-]{section.13.1}{Vorticity\040and\040entropy}{chapter.13}% 241
\BOOKMARK [0][-]{chapter.14}{Entropy\040equation}{part.2}% 242
\BOOKMARK [0][-]{chapter.15}{Canonical\040flows}{part.2}% 243
\BOOKMARK [1][-]{section.15.1}{Quasi-1-dimensional\040flows}{chapter.15}% 244
\BOOKMARK [2][-]{subsection.15.1.1}{Steady\040flow}{section.15.1}% 245
\BOOKMARK [3][-]{subsubsection*.86}{Mach\040dependence}{subsection.15.1.1}% 246
\BOOKMARK [2][-]{subsection.15.1.2}{Unsteady\040flow}{section.15.1}% 247
\BOOKMARK [1][-]{section.15.2}{Normal\040shocks}{chapter.15}% 248
\BOOKMARK [1][-]{section.15.3}{Oblique\040shocks}{chapter.15}% 249
\BOOKMARK [1][-]{section.15.4}{Expansion\040fans\040-\040Prandtl-Meyer\040relation}{chapter.15}% 250
\BOOKMARK [2][-]{subsection.15.4.1}{Method\040of\040characteristics}{section.15.4}% 251
\BOOKMARK [0][-]{chapter.16}{Jump\040conditions}{part.2}% 252
\BOOKMARK [0][-]{chapter.17}{Characteristics}{part.2}% 253
\BOOKMARK [1][-]{section.17.1}{Unsteady}{chapter.17}% 254
\BOOKMARK [1][-]{section.17.2}{Steady}{chapter.17}% 255
\BOOKMARK [0][-]{chapter.18}{Steady\0402-dimensional\040flows}{part.2}% 256
\BOOKMARK [1][-]{section.18.1}{Shock\040waves}{chapter.18}% 257
\BOOKMARK [2][-]{subsection.18.1.1}{Normal}{section.18.1}% 258
\BOOKMARK [2][-]{subsection.18.1.2}{Oblique}{section.18.1}% 259
\BOOKMARK [1][-]{section.18.2}{Rarefaction\040fans}{chapter.18}% 260
\BOOKMARK [0][-]{chapter.19}{Acoustics}{part.2}% 261
\BOOKMARK [1][-]{section.19.1}{Linearized\040Euler\040equations}{chapter.19}% 262
\BOOKMARK [2][-]{subsection.19.1.1}{Uniform\040and\040steady\040reference\040state}{section.19.1}% 263
\BOOKMARK [2][-]{subsection.19.1.2}{Wave\040equations}{section.19.1}% 264
\BOOKMARK [0][-]{section*.89}{Proof\040Index}{part.2}% 265
